simp_out_params_ready.lean:15:20: error: simplify tactic failed to simplify
state:
⊢ p ℕ
simp_out_params_ready.lean:26:20: error: tactic failed, there are unsolved goals
state:
⊢ p ℤ
